../../00-reference/LSU/OK605285.fna
../../00-reference/LSU/OK605286.fna
../../00-reference/LSU/OK649430.fna
../../00-reference/LSU/OK649431.fna
../../00-reference/LSU/OK649432.fna
../../00-reference/LSU/OK649433.fna
../../00-reference/LSU/OK649434.fna
../../00-reference/LSU/OK649435.fna
../../00-reference/LSU/OK649436.fna
../../00-reference/LSU/OK649437.fna
../../00-reference/LSU/OK649438.fna
../../00-reference/LSU/OK649439.fna
../../00-reference/LSU/OK649440.fna
../../00-reference/LSU/OK649441.fna
../../00-reference/LSU/OK649442.fna
../../00-reference/LSU/OK649443.fna
../../00-reference/LSU/OK649444.fna
../../00-reference/LSU/OK649445.fna
../../00-reference/LSU/OK649446.fna
../../00-reference/LSU/OK649447.fna
../../00-reference/LSU/OK649448.fna
../../00-reference/LSU/OK649449.fna
../../00-reference/LSU/OK649450.fna
../../00-reference/LSU/OK649451.fna
../../00-reference/LSU/OK649452.fna
../../00-reference/LSU/OK649453.fna
../../00-reference/LSU/OK649454.fna
../../00-reference/LSU/OK649455.fna
../../00-reference/LSU/OK649456.fna
../../00-reference/LSU/OK649457.fna
../../00-reference/LSU/OK649458.fna
../../00-reference/LSU/OK649459.fna
../../00-reference/LSU/OK649460.fna
../../00-reference/LSU/OK649461.fna
../../00-reference/LSU/OK649462.fna
../../00-reference/LSU/OK649463.fna
../../00-reference/LSU/OK649464.fna
../../00-reference/LSU/OK649465.fna
../../00-reference/LSU/OK649466.fna
../../00-reference/LSU/OK649467.fna
../../00-reference/LSU/OK649468.fna
../../00-reference/LSU/OK649469.fna
../../00-reference/LSU/OK649470.fna
../../00-reference/LSU/OK649471.fna
../../00-reference/LSU/OK649472.fna
../../00-reference/LSU/OK649473.fna
../../00-reference/LSU/OK649474.fna
../../00-reference/LSU/OK649475.fna
../../00-reference/LSU/OK649476.fna
../../00-reference/LSU/OK649477.fna
../../00-reference/LSU/OK649478.fna
../../00-reference/LSU/OK649479.fna
../../00-reference/LSU/OK649480.fna
../../00-reference/LSU/OK649481.fna
../../00-reference/LSU/OK649482.fna
../../00-reference/LSU/OK649483.fna
../../00-reference/LSU/OK649484.fna
../../00-reference/LSU/OK649485.fna
../../00-reference/LSU/OK649486.fna
../../00-reference/LSU/OK649487.fna
../../00-reference/LSU/OK649488.fna
../../00-reference/LSU/OK649489.fna
../../00-reference/LSU/OK649490.fna
../../00-reference/LSU/OK649491.fna
../../00-reference/LSU/OK649492.fna
../../00-reference/LSU/OK649493.fna
../../00-reference/LSU/OK649494.fna
../../00-reference/LSU/OK649495.fna
../../00-reference/LSU/OK649496.fna
../../00-reference/LSU/OK649497.fna
../../00-reference/LSU/OK649498.fna
../../00-reference/LSU/OK649499.fna
../../00-reference/LSU/OK649500.fna
../../00-reference/LSU/OK649501.fna
../../00-reference/LSU/OK649502.fna
../../00-reference/LSU/OK649503.fna
../../00-reference/LSU/OK649504.fna
../seqs/DZ111.fna
../seqs/DZ120.fna
../seqs/DZ28.fna
../seqs/DZ29.fna
../seqs/DZ85.fna
../seqs/DZ97.fna
