../../00-reference/SSU/OK649505.fna
../../00-reference/SSU/OK649506.fna
../../00-reference/SSU/OK649507.fna
../../00-reference/SSU/OK649508.fna
../../00-reference/SSU/OK649509.fna
../../00-reference/SSU/OK649510.fna
../../00-reference/SSU/OK649511.fna
../../00-reference/SSU/OK649512.fna
../../00-reference/SSU/OK649513.fna
../../00-reference/SSU/OK649514.fna
../../00-reference/SSU/OK649515.fna
../../00-reference/SSU/OK649516.fna
../../00-reference/SSU/OK649517.fna
../../00-reference/SSU/OK649518.fna
../../00-reference/SSU/OK649519.fna
../../00-reference/SSU/OK649520.fna
../../00-reference/SSU/OK649521.fna
../../00-reference/SSU/OK649522.fna
../../00-reference/SSU/OK649523.fna
../../00-reference/SSU/OK649524.fna
../../00-reference/SSU/OK649525.fna
../../00-reference/SSU/OK649526.fna
../../00-reference/SSU/OK649527.fna
../../00-reference/SSU/OK649528.fna
../../00-reference/SSU/OK649529.fna
../../00-reference/SSU/OK649530.fna
../../00-reference/SSU/OK649531.fna
../../00-reference/SSU/OK649532.fna
../../00-reference/SSU/OK649533.fna
../../00-reference/SSU/OK649534.fna
../../00-reference/SSU/OK649535.fna
../../00-reference/SSU/OK649536.fna
../../00-reference/SSU/OK649537.fna
../../00-reference/SSU/OK649538.fna
../../00-reference/SSU/OK649539.fna
../../00-reference/SSU/OK649540.fna
../../00-reference/SSU/OK649541.fna
../../00-reference/SSU/OK649542.fna
../../00-reference/SSU/OK649543.fna
../../00-reference/SSU/OK649544.fna
../../00-reference/SSU/OK649545.fna
../../00-reference/SSU/OK649546.fna
../../00-reference/SSU/OK649547.fna
../../00-reference/SSU/OK649548.fna
../../00-reference/SSU/OK649549.fna
../../00-reference/SSU/OK649550.fna
../../00-reference/SSU/OK649551.fna
../../00-reference/SSU/OK649552.fna
../../00-reference/SSU/OK649553.fna
../../00-reference/SSU/OK649554.fna
../../00-reference/SSU/OK649555.fna
../../00-reference/SSU/OK649556.fna
../../00-reference/SSU/OK649557.fna
../../00-reference/SSU/OK649558.fna
../../00-reference/SSU/OK649559.fna
../../00-reference/SSU/OK649560.fna
../../00-reference/SSU/OK649561.fna
../../00-reference/SSU/OK649562.fna
../../00-reference/SSU/OK649563.fna
../seqs/DZ111.fna
../seqs/DZ120.fna
../seqs/DZ28.fna
../seqs/DZ29.fna
../seqs/DZ97.fna
